2019-04-10 20:25:22	2��° �α� �����Դϴ�.
2019-04-10 20:26:43	2번째 로깅 문장입니다.
2019-04-10 20:31:59	2번째 로깅 문장입니다.
2019-04-10 20:37:43	2번째 로깅 문장입니다.
2019-04-10 20:38:43	2번째 로깅 문장입니다.
2019-04-10 20:41:26	2번째 로깅 문장입니다.
2019-04-10 20:42:21	2번째 로깅 문장입니다.
2019-04-10 20:43:50	2번째 로깅 문장입니다.
2019-04-10 20:44:23	2번째 로깅 문장입니다.
2019-04-10 20:44:38	2번째 로깅 문장입니다.
2019-04-10 20:44:48	2번째 로깅 문장입니다.
2019-04-10 20:45:07	2번째 로깅 문장입니다.
2019-04-10 20:45:11	2번째 로깅 문장입니다.
2019-04-10 20:45:22	2번째 로깅 문장입니다.
2019-04-10 20:53:25	2번째 로깅 문장입니다.
2019-04-10 20:53:47	2번째 로깅 문장입니다.
2019-04-10 20:54:06	2번째 로깅 문장입니다.
2019-04-10 20:54:15	2번째 로깅 문장입니다.
2019-04-10 20:54:31	2번째 로깅 문장입니다.
2019-04-10 21:18:45	2번째 로깅 문장입니다.
2019-04-10 21:19:04	2번째 로깅 문장입니다.
2019-04-10 21:19:15	2번째 로깅 문장입니다.
2019-04-10 21:19:22	2번째 로깅 문장입니다.
2019-04-10 21:19:32	2번째 로깅 문장입니다.
2019-04-10 21:19:56	2번째 로깅 문장입니다.
2019-04-10 21:22:45	2번째 로깅 문장입니다.
2019-04-10 21:25:32	2번째 로깅 문장입니다.
2019-04-10 21:32:17	2번째 로깅 문장입니다.
2019-04-10 21:39:16	2번째 로깅 문장입니다.
2019-04-10 21:54:48	2번째 로깅 문장입니다.
2019-04-10 22:05:35	2번째 로깅 문장입니다.
2019-04-10 22:06:51	2번째 로깅 문장입니다.
2019-04-10 22:07:05	2번째 로깅 문장입니다.
